[UNORDERED_START]
Download http://localhost:4260/cacache
Download http://localhost:4260/@types%2fcacache
Download http://localhost:4260/@types%2fnode
Download http://localhost:4260/@npmcli%2ffs
Download http://localhost:4260/fs-minipass
Download http://localhost:4260/glob
Download http://localhost:4260/minipass
Download http://localhost:4260/minipass-collect
Download http://localhost:4260/minipass-pipeline
Download http://localhost:4260/minipass-flush
Download http://localhost:4260/p-map
Download http://localhost:4260/ssri
Download http://localhost:4260/tar
Download http://localhost:4260/lru-cache
Download http://localhost:4260/unique-filename
Download http://localhost:4260/undici-types
Download http://localhost:4260/semver
Download http://localhost:4260/foreground-child
Download http://localhost:4260/jackspeak
Download http://localhost:4260/minimatch
Download http://localhost:4260/package-json-from-dist
Download http://localhost:4260/path-scurry
Download http://localhost:4260/aggregate-error
Download http://localhost:4260/chownr
Download http://localhost:4260/minizlib
Download http://localhost:4260/mkdirp
Download http://localhost:4260/yallist
Download http://localhost:4260/unique-slug
Download http://localhost:4260/cross-spawn
Download http://localhost:4260/signal-exit
Download http://localhost:4260/@isaacs%2fcliui
Download http://localhost:4260/@pkgjs%2fparseargs
Download http://localhost:4260/brace-expansion
Download http://localhost:4260/clean-stack
Download http://localhost:4260/indent-string
Download http://localhost:4260/imurmurhash
Download http://localhost:4260/path-key
Download http://localhost:4260/which
Download http://localhost:4260/shebang-command
Download http://localhost:4260/string-width
Download http://localhost:4260/strip-ansi
Download http://localhost:4260/wrap-ansi
Download http://localhost:4260/balanced-match
Download http://localhost:4260/shebang-regex
Download http://localhost:4260/isexe
Download http://localhost:4260/emoji-regex
Download http://localhost:4260/eastasianwidth
Download http://localhost:4260/is-fullwidth-code-point
Download http://localhost:4260/ansi-regex
Download http://localhost:4260/ansi-styles
Download http://localhost:4260/color-convert
Download http://localhost:4260/color-name
Download http://localhost:4260/cacache/cacache-18.0.3.tgz
Download https://registry.npmjs.org/@types/cacache/-/cacache-17.0.2.tgz
Download http://localhost:4260/minipass-flush/minipass-flush-1.0.5.tgz
Download http://localhost:4260/minipass-collect/minipass-collect-2.0.1.tgz
Download http://localhost:4260/ssri/ssri-10.0.6.tgz
Download http://localhost:4260/@npmcli/fs/fs-3.1.1.tgz
Download http://localhost:4260/glob/glob-10.4.4.tgz
Download http://localhost:4260/minipass/minipass-7.1.2.tgz
Download http://localhost:4260/unique-filename/unique-filename-3.0.0.tgz
Download http://localhost:4260/p-map/p-map-4.0.0.tgz
Download http://localhost:4260/fs-minipass/fs-minipass-3.0.3.tgz
Download http://localhost:4260/lru-cache/lru-cache-10.4.1.tgz
Download http://localhost:4260/tar/tar-6.2.1.tgz
Download http://localhost:4260/minipass-pipeline/minipass-pipeline-1.2.4.tgz
Download http://localhost:4260/@types/node/node-22.5.4.tgz
Download http://localhost:4260/minipass/minipass-3.3.6.tgz
Download http://localhost:4260/semver/semver-7.6.2.tgz
Download http://localhost:4260/jackspeak/jackspeak-3.4.2.tgz
Download http://localhost:4260/package-json-from-dist/package-json-from-dist-1.0.0.tgz
Download http://localhost:4260/path-scurry/path-scurry-1.11.1.tgz
Download http://localhost:4260/foreground-child/foreground-child-3.2.1.tgz
Download http://localhost:4260/minimatch/minimatch-9.0.5.tgz
Download http://localhost:4260/unique-slug/unique-slug-4.0.0.tgz
Download http://localhost:4260/aggregate-error/aggregate-error-3.1.0.tgz
Download http://localhost:4260/minipass/minipass-5.0.0.tgz
Download http://localhost:4260/chownr/chownr-2.0.0.tgz
Download http://localhost:4260/mkdirp/mkdirp-1.0.4.tgz
Download http://localhost:4260/minizlib/minizlib-2.1.2.tgz
Download http://localhost:4260/fs-minipass/fs-minipass-2.1.0.tgz
Download http://localhost:4260/yallist/yallist-4.0.0.tgz
Download http://localhost:4260/undici-types/undici-types-6.19.8.tgz
Download http://localhost:4260/@isaacs/cliui/cliui-8.0.2.tgz
Download http://localhost:4260/@pkgjs/parseargs/parseargs-0.11.0.tgz
Download http://localhost:4260/signal-exit/signal-exit-4.1.0.tgz
Download http://localhost:4260/cross-spawn/cross-spawn-7.0.3.tgz
Download http://localhost:4260/brace-expansion/brace-expansion-2.0.1.tgz
Download http://localhost:4260/imurmurhash/imurmurhash-0.1.4.tgz
Download http://localhost:4260/indent-string/indent-string-4.0.0.tgz
Download http://localhost:4260/clean-stack/clean-stack-2.2.0.tgz
Download http://localhost:4260/string-width/string-width-5.1.2.tgz
Download http://localhost:4260/string-width/string-width-4.2.3.tgz
Download http://localhost:4260/strip-ansi/strip-ansi-7.0.1.tgz
Download http://localhost:4260/strip-ansi/strip-ansi-6.0.1.tgz
Download http://localhost:4260/wrap-ansi/wrap-ansi-8.1.0.tgz
Download http://localhost:4260/wrap-ansi/wrap-ansi-7.0.0.tgz
Download http://localhost:4260/path-key/path-key-3.1.1.tgz
Download http://localhost:4260/shebang-command/shebang-command-2.0.0.tgz
Download http://localhost:4260/which/which-2.0.2.tgz
Download http://localhost:4260/balanced-match/balanced-match-1.0.2.tgz
Download http://localhost:4260/eastasianwidth/eastasianwidth-0.2.0.tgz
Download http://localhost:4260/emoji-regex/emoji-regex-9.2.2.tgz
Download http://localhost:4260/emoji-regex/emoji-regex-8.0.0.tgz
Download http://localhost:4260/is-fullwidth-code-point/is-fullwidth-code-point-3.0.0.tgz
Download http://localhost:4260/ansi-regex/ansi-regex-6.0.1.tgz
Download http://localhost:4260/ansi-regex/ansi-regex-5.0.1.tgz
Download http://localhost:4260/ansi-styles/ansi-styles-6.1.0.tgz
Download http://localhost:4260/ansi-styles/ansi-styles-4.3.0.tgz
Download http://localhost:4260/shebang-regex/shebang-regex-3.0.0.tgz
Download http://localhost:4260/isexe/isexe-2.0.0.tgz
Download http://localhost:4260/color-convert/color-convert-2.0.1.tgz
Download http://localhost:4260/color-name/color-name-1.1.4.tgz
[UNORDERED_END]
[UNORDERED_START]
Initialize minipass-collect@2.0.1
Initialize minipass-flush@1.0.5
Initialize minipass-pipeline@1.2.4
Initialize unique-filename@3.0.0
Initialize fs-minipass@3.0.3
Initialize p-map@4.0.0
Initialize ssri@10.0.6
Initialize brace-expansion@2.0.1
Initialize chownr@2.0.0
Initialize shebang-command@2.0.0
Initialize fs-minipass@2.1.0
Initialize minipass@3.3.6
Initialize strip-ansi@7.0.1
Initialize string-width@5.1.2
Initialize unique-slug@4.0.0
Initialize aggregate-error@3.1.0
Initialize minizlib@2.1.2
Initialize minipass@5.0.0
Initialize shebang-regex@3.0.0
Initialize string-width@4.2.3
Initialize eastasianwidth@0.2.0
Initialize path-key@3.1.1
Initialize imurmurhash@0.1.4
Initialize color-name@1.1.4
Initialize yallist@4.0.0
Initialize balanced-match@1.0.2
Initialize clean-stack@2.2.0
Initialize cross-spawn@7.0.3
Initialize @npmcli/fs@3.1.1
Initialize strip-ansi@6.0.1
Initialize mkdirp@1.0.4
Initialize emoji-regex@8.0.0
Initialize isexe@2.0.0
Initialize package-json-from-dist@1.0.0
Initialize minipass@7.1.2
Initialize ansi-styles@6.1.0
Initialize wrap-ansi@8.1.0
Initialize ansi-styles@4.3.0
Initialize wrap-ansi@7.0.0
Initialize cacache@18.0.3
Initialize ansi-regex@6.0.1
Initialize @pkgjs/parseargs@0.11.0
Initialize which@2.0.2
Initialize ansi-regex@5.0.1
Initialize indent-string@4.0.0
Initialize is-fullwidth-code-point@3.0.0
Initialize emoji-regex@9.2.2
Initialize path-scurry@1.11.1
Initialize lru-cache@10.4.1
Initialize @isaacs/cliui@8.0.2
Initialize color-convert@2.0.1
Initialize @types/cacache@17.0.2
Initialize undici-types@6.19.8
Initialize tar@6.2.1
Initialize jackspeak@3.4.2
Initialize signal-exit@4.1.0
Initialize foreground-child@3.2.1
Initialize semver@7.6.2
Initialize minimatch@9.0.5
Initialize glob@10.4.4
Initialize @types/node@22.5.4
[UNORDERED_END]
